// Vitest Snapshot v1, https://vitest.dev/guide/snapshot.html

exports[`Test on chat settings > Admin key: Get an index chat settings 1`] = `
{
  "description": "",
  "documentTemplate": "{% for field in fields %}{% if field.is_searchable and field.value != nil %}{{ field.name }}: {{ field.value }}
{% endif %}{% endfor %}",
  "documentTemplateMaxBytes": 400,
  "searchParameters": {},
}
`;

exports[`Test on chat settings > Admin key: Get default chat settings on index 1`] = `
{
  "description": "",
  "documentTemplate": "{% for field in fields %}{% if field.is_searchable and field.value != nil %}{{ field.name }}: {{ field.value }}
{% endif %}{% endfor %}",
  "documentTemplateMaxBytes": 400,
  "searchParameters": {},
}
`;

exports[`Test on chat settings > Admin key: Update chat settings with all properties 1`] = `
{
  "description": "A comprehensive movie database containing titles, overviews, genres, and release dates to help users find movies",
  "documentTemplate": "Title: {{ title }}
Description: {{ overview }}
Genres: {{ genres }}
Release Date: {{ release_date }}
",
  "documentTemplateMaxBytes": 500,
  "searchParameters": {
    "attributesToSearchOn": [
      "title",
      "overview",
    ],
    "distinct": "title",
    "hybrid": {
      "embedder": "default",
      "semanticRatio": 0.5,
    },
    "limit": 20,
    "matchingStrategy": "last",
    "rankingScoreThreshold": 0.5,
    "sort": [
      "release_date:desc",
    ],
  },
}
`;

exports[`Test on chat settings > Master key: Get an index chat settings 1`] = `
{
  "description": "",
  "documentTemplate": "{% for field in fields %}{% if field.is_searchable and field.value != nil %}{{ field.name }}: {{ field.value }}
{% endif %}{% endfor %}",
  "documentTemplateMaxBytes": 400,
  "searchParameters": {},
}
`;

exports[`Test on chat settings > Master key: Get default chat settings on index 1`] = `
{
  "description": "",
  "documentTemplate": "{% for field in fields %}{% if field.is_searchable and field.value != nil %}{{ field.name }}: {{ field.value }}
{% endif %}{% endfor %}",
  "documentTemplateMaxBytes": 400,
  "searchParameters": {},
}
`;

exports[`Test on chat settings > Master key: Update chat settings with all properties 1`] = `
{
  "description": "A comprehensive movie database containing titles, overviews, genres, and release dates to help users find movies",
  "documentTemplate": "Title: {{ title }}
Description: {{ overview }}
Genres: {{ genres }}
Release Date: {{ release_date }}
",
  "documentTemplateMaxBytes": 500,
  "searchParameters": {
    "attributesToSearchOn": [
      "title",
      "overview",
    ],
    "distinct": "title",
    "hybrid": {
      "embedder": "default",
      "semanticRatio": 0.5,
    },
    "limit": 20,
    "matchingStrategy": "last",
    "rankingScoreThreshold": 0.5,
    "sort": [
      "release_date:desc",
    ],
  },
}
`;
